Archive member included to satisfy reference by file (symbol)

C:/ST/STM32CubeIDE_1.19.0/STM32CubeIDE/plugins/com.st.stm32cube.ide.mcu.externaltools.gnu-tools-for-stm32.13.3.rel1.win32_1.0.0.202411081344/tools/bin/../lib/gcc/arm-none-eabi/13.3.1/../../../../arm-none-eabi/lib/thumb/v7e-m+fp/hard\libc_nano.a(libc_a-exit.o)
                              C:/ST/STM32CubeIDE_1.19.0/STM32CubeIDE/plugins/com.st.stm32cube.ide.mcu.externaltools.gnu-tools-for-stm32.13.3.rel1.win32_1.0.0.202411081344/tools/bin/../lib/gcc/arm-none-eabi/13.3.1/../../../../arm-none-eabi/lib/thumb/v7e-m+fp/hard/crt0.o (exit)
C:/ST/STM32CubeIDE_1.19.0/STM32CubeIDE/plugins/com.st.stm32cube.ide.mcu.externaltools.gnu-tools-for-stm32.13.3.rel1.win32_1.0.0.202411081344/tools/bin/../lib/gcc/arm-none-eabi/13.3.1/../../../../arm-none-eabi/lib/thumb/v7e-m+fp/hard\libc_nano.a(libc_a-findfp.o)
                              C:/ST/STM32CubeIDE_1.19.0/STM32CubeIDE/plugins/com.st.stm32cube.ide.mcu.externaltools.gnu-tools-for-stm32.13.3.rel1.win32_1.0.0.202411081344/tools/bin/../lib/gcc/arm-none-eabi/13.3.1/../../../../arm-none-eabi/lib/thumb/v7e-m+fp/hard\libc_nano.a(libc_a-exit.o) (__stdio_exit_handler)
C:/ST/STM32CubeIDE_1.19.0/STM32CubeIDE/plugins/com.st.stm32cube.ide.mcu.externaltools.gnu-tools-for-stm32.13.3.rel1.win32_1.0.0.202411081344/tools/bin/../lib/gcc/arm-none-eabi/13.3.1/../../../../arm-none-eabi/lib/thumb/v7e-m+fp/hard\libc_nano.a(libc_a-fwalk.o)
                              C:/ST/STM32CubeIDE_1.19.0/STM32CubeIDE/plugins/com.st.stm32cube.ide.mcu.externaltools.gnu-tools-for-stm32.13.3.rel1.win32_1.0.0.202411081344/tools/bin/../lib/gcc/arm-none-eabi/13.3.1/../../../../arm-none-eabi/lib/thumb/v7e-m+fp/hard\libc_nano.a(libc_a-findfp.o) (_fwalk_sglue)
C:/ST/STM32CubeIDE_1.19.0/STM32CubeIDE/plugins/com.st.stm32cube.ide.mcu.externaltools.gnu-tools-for-stm32.13.3.rel1.win32_1.0.0.202411081344/tools/bin/../lib/gcc/arm-none-eabi/13.3.1/../../../../arm-none-eabi/lib/thumb/v7e-m+fp/hard\libc_nano.a(libc_a-stdio.o)
                              C:/ST/STM32CubeIDE_1.19.0/STM32CubeIDE/plugins/com.st.stm32cube.ide.mcu.externaltools.gnu-tools-for-stm32.13.3.rel1.win32_1.0.0.202411081344/tools/bin/../lib/gcc/arm-none-eabi/13.3.1/../../../../arm-none-eabi/lib/thumb/v7e-m+fp/hard\libc_nano.a(libc_a-findfp.o) (__sread)
C:/ST/STM32CubeIDE_1.19.0/STM32CubeIDE/plugins/com.st.stm32cube.ide.mcu.externaltools.gnu-tools-for-stm32.13.3.rel1.win32_1.0.0.202411081344/tools/bin/../lib/gcc/arm-none-eabi/13.3.1/../../../../arm-none-eabi/lib/thumb/v7e-m+fp/hard\libc_nano.a(libc_a-memset.o)
                              C:/ST/STM32CubeIDE_1.19.0/STM32CubeIDE/plugins/com.st.stm32cube.ide.mcu.externaltools.gnu-tools-for-stm32.13.3.rel1.win32_1.0.0.202411081344/tools/bin/../lib/gcc/arm-none-eabi/13.3.1/../../../../arm-none-eabi/lib/thumb/v7e-m+fp/hard/crt0.o (memset)
C:/ST/STM32CubeIDE_1.19.0/STM32CubeIDE/plugins/com.st.stm32cube.ide.mcu.externaltools.gnu-tools-for-stm32.13.3.rel1.win32_1.0.0.202411081344/tools/bin/../lib/gcc/arm-none-eabi/13.3.1/../../../../arm-none-eabi/lib/thumb/v7e-m+fp/hard\libc_nano.a(libc_a-closer.o)
                              C:/ST/STM32CubeIDE_1.19.0/STM32CubeIDE/plugins/com.st.stm32cube.ide.mcu.externaltools.gnu-tools-for-stm32.13.3.rel1.win32_1.0.0.202411081344/tools/bin/../lib/gcc/arm-none-eabi/13.3.1/../../../../arm-none-eabi/lib/thumb/v7e-m+fp/hard\libc_nano.a(libc_a-stdio.o) (_close_r)
C:/ST/STM32CubeIDE_1.19.0/STM32CubeIDE/plugins/com.st.stm32cube.ide.mcu.externaltools.gnu-tools-for-stm32.13.3.rel1.win32_1.0.0.202411081344/tools/bin/../lib/gcc/arm-none-eabi/13.3.1/../../../../arm-none-eabi/lib/thumb/v7e-m+fp/hard\libc_nano.a(libc_a-reent.o)
                              C:/ST/STM32CubeIDE_1.19.0/STM32CubeIDE/plugins/com.st.stm32cube.ide.mcu.externaltools.gnu-tools-for-stm32.13.3.rel1.win32_1.0.0.202411081344/tools/bin/../lib/gcc/arm-none-eabi/13.3.1/../../../../arm-none-eabi/lib/thumb/v7e-m+fp/hard\libc_nano.a(libc_a-closer.o) (errno)
C:/ST/STM32CubeIDE_1.19.0/STM32CubeIDE/plugins/com.st.stm32cube.ide.mcu.externaltools.gnu-tools-for-stm32.13.3.rel1.win32_1.0.0.202411081344/tools/bin/../lib/gcc/arm-none-eabi/13.3.1/../../../../arm-none-eabi/lib/thumb/v7e-m+fp/hard\libc_nano.a(libc_a-impure.o)
                              C:/ST/STM32CubeIDE_1.19.0/STM32CubeIDE/plugins/com.st.stm32cube.ide.mcu.externaltools.gnu-tools-for-stm32.13.3.rel1.win32_1.0.0.202411081344/tools/bin/../lib/gcc/arm-none-eabi/13.3.1/../../../../arm-none-eabi/lib/thumb/v7e-m+fp/hard\libc_nano.a(libc_a-reent.o) (_impure_ptr)
C:/ST/STM32CubeIDE_1.19.0/STM32CubeIDE/plugins/com.st.stm32cube.ide.mcu.externaltools.gnu-tools-for-stm32.13.3.rel1.win32_1.0.0.202411081344/tools/bin/../lib/gcc/arm-none-eabi/13.3.1/../../../../arm-none-eabi/lib/thumb/v7e-m+fp/hard\libc_nano.a(libc_a-lseekr.o)
[...]
Memory Configuration

Name             Origin             Length             Attributes
RAM              0x20000000         0x00020000         xrw
FLASH            0x08000000         0x00080000         xr
*default*        0x00000000         0xffffffff

Linker script and memory map

LOAD C:/ST/STM32CubeIDE_1.19.0/STM32CubeIDE/plugins/com.st.stm32cube.ide.mcu.externaltools.gnu-tools-for-stm32.13.3.rel1.win32_1.0.0.202411081344/tools/bin/../lib/gcc/arm-none-eabi/13.3.1/thumb/v7e-m+fp/hard/crti.o
LOAD C:/ST/STM32CubeIDE_1.19.0/STM32CubeIDE/plugins/com.st.stm32cube.ide.mcu.externaltools.gnu-tools-for-stm32.13.3.rel1.win32_1.0.0.202411081344/tools/bin/../lib/gcc/arm-none-eabi/13.3.1/thumb/v7e-m+fp/hard/crtbegin.o
LOAD C:/ST/STM32CubeIDE_1.19.0/STM32CubeIDE/plugins/com.st.stm32cube.ide.mcu.externaltools.gnu-tools-for-stm32.13.3.rel1.win32_1.0.0.202411081344/tools/bin/../lib/gcc/arm-none-eabi/13.3.1/../../../../arm-none-eabi/lib/thumb/v7e-m+fp/hard/crt0.o
LOAD ./Core/Src/adc.o
LOAD ./Core/Src/app.o
LOAD ./Core/Src/gpio.o
LOAD ./Core/Src/main.o
LOAD ./Core/Src/stm32f4xx_hal_msp.o
LOAD ./Core/Src/stm32f4xx_it.o
LOAD ./Core/Src/syscalls.o
LOAD ./Core/Src/sysmem.o
LOAD ./Core/Src/system_stm32f4xx.o
LOAD ./Core/Startup/startup_stm32f411ceux.o
LOAD ./Drivers/STM32F4xx_HAL_Driver/Src/stm32f4xx_hal.o
LOAD ./Drivers/STM32F4xx_HAL_Driver/Src/stm32f4xx_hal_adc.o
LOAD ./Drivers/STM32F4xx_HAL_Driver/Src/stm32f4xx_hal_adc_ex.o
LOAD ./Drivers/STM32F4xx_HAL_Driver/Src/stm32f4xx_hal_cortex.o
LOAD ./Drivers/STM32F4xx_HAL_Driver/Src/stm32f4xx_hal_dma.o
LOAD ./Drivers/STM32F4xx_HAL_Driver/Src/stm32f4xx_hal_dma_ex.o
LOAD ./Drivers/STM32F4xx_HAL_Driver/Src/stm32f4xx_hal_exti.o
LOAD ./Drivers/STM32F4xx_HAL_Driver/Src/stm32f4xx_hal_flash.o
LOAD ./Drivers/STM32F4xx_HAL_Driver/Src/stm32f4xx_hal_flash_ex.o
LOAD ./Drivers/STM32F4xx_HAL_Driver/Src/stm32f4xx_hal_flash_ramfunc.o
LOAD ./Drivers/STM32F4xx_HAL_Driver/Src/stm32f4xx_hal_gpio.o
LOAD ./Drivers/STM32F4xx_HAL_Driver/Src/stm32f4xx_hal_pwr.o
LOAD ./Drivers/STM32F4xx_HAL_Driver/Src/stm32f4xx_hal_pwr_ex.o
LOAD ./Drivers/STM32F4xx_HAL_Driver/Src/stm32f4xx_hal_rcc.o
LOAD ./Drivers/STM32F4xx_HAL_Driver/Src/stm32f4xx_hal_rcc_ex.o
LOAD ./Drivers/STM32F4xx_HAL_Driver/Src/stm32f4xx_ll_adc.o
START GROUP
LOAD C:/ST/STM32CubeIDE_1.19.0/STM32CubeIDE/plugins/com.st.stm32cube.ide.mcu.externaltools.gnu-tools-for-stm32.13.3.rel1.win32_1.0.0.202411081344/tools/bin/../lib/gcc/arm-none-eabi/13.3.1/../../../../arm-none-eabi/lib/thumb/v7e-m+fp/hard\libc_nano.a
LOAD C:/ST/STM32CubeIDE_1.19.0/STM32CubeIDE/plugins/com.st.stm32cube.ide.mcu.externaltools.gnu-tools-for-stm32.13.3.rel1.win32_1.0.0.202411081344/tools/bin/../lib/gcc/arm-none-eabi/13.3.1/../../../../arm-none-eabi/lib/thumb/v7e-m+fp/hard\libm.a
END GROUP
START GROUP
LOAD C:/ST/STM32CubeIDE_1.19.0/STM32CubeIDE/plugins/com.st.stm32cube.ide.mcu.externaltools.gnu-tools-for-stm32.13.3.rel1.win32_1.0.0.202411081344/tools/bin/../lib/gcc/arm-none-eabi/13.3.1/thumb/v7e-m+fp/hard\libgcc.a
LOAD C:/ST/STM32CubeIDE_1.19.0/STM32CubeIDE/plugins/com.st.stm32cube.ide.mcu.externaltools.gnu-tools-for-stm32.13.3.rel1.win32_1.0.0.202411081344/tools/bin/../lib/gcc/arm-none-eabi/13.3.1/../../../../arm-none-eabi/lib/thumb/v7e-m+fp/hard\libc_nano.a
END GROUP
START GROUP
LOAD C:/ST/STM32CubeIDE_1.19.0/STM32CubeIDE/plugins/com.st.stm32cube.ide.mcu.externaltools.gnu-tools-for-stm32.13.3.rel1.win32_1.0.0.202411081344/tools/bin/../lib/gcc/arm-none-eabi/13.3.1/thumb/v7e-m+fp/hard\libgcc.a
LOAD C:/ST/STM32CubeIDE_1.19.0/STM32CubeIDE/plugins/com.st.stm32cube.ide.mcu.externaltools.gnu-tools-for-stm32.13.3.rel1.win32_1.0.0.202411081344/tools/bin/../lib/gcc/arm-none-eabi/13.3.1/../../../../arm-none-eabi/lib/thumb/v7e-m+fp/hard\libc_nano.a
LOAD C:/ST/STM32CubeIDE_1.19.0/STM32CubeIDE/plugins/com.st.stm32cube.ide.mcu.externaltools.gnu-tools-for-stm32.13.3.rel1.win32_1.0.0.202411081344/tools/bin/../lib/gcc/arm-none-eabi/13.3.1/../../../../arm-none-eabi/lib/thumb/v7e-m+fp/hard\libnosys.a
END GROUP
START GROUP
LOAD C:/ST/STM32CubeIDE_1.19.0/STM32CubeIDE/plugins/com.st.stm32cube.ide.mcu.externaltools.gnu-tools-for-stm32.13.3.rel1.win32_1.0.0.202411081344/tools/bin/../lib/gcc/arm-none-eabi/13.3.1/thumb/v7e-m+fp/hard\libgcc.a
LOAD C:/ST/STM32CubeIDE_1.19.0/STM32CubeIDE/plugins/com.st.stm32cube.ide.mcu.externaltools.gnu-tools-for-stm32.13.3.rel1.win32_1.0.0.202411081344/tools/bin/../lib/gcc/arm-none-eabi/13.3.1/../../../../arm-none-eabi/lib/thumb/v7e-m+fp/hard\libc_nano.a
LOAD C:/ST/STM32CubeIDE_1.19.0/STM32CubeIDE/plugins/com.st.stm32cube.ide.mcu.externaltools.gnu-tools-for-stm32.13.3.rel1.win32_1.0.0.202411081344/tools/bin/../lib/gcc/arm-none-eabi/13.3.1/../../../../arm-none-eabi/lib/thumb/v7e-m+fp/hard\libnosys.a
END GROUP
LOAD C:/ST/STM32CubeIDE_1.19.0/STM32CubeIDE/plugins/com.st.stm32cube.ide.mcu.externaltools.gnu-tools-for-stm32.13.3.rel1.win32_1.0.0.202411081344/tools/bin/../lib/gcc/arm-none-eabi/13.3.1/thumb/v7e-m+fp/hard/crtend.o
LOAD C:/ST/STM32CubeIDE_1.19.0/STM32CubeIDE/plugins/com.st.stm32cube.ide.mcu.externaltools.gnu-tools-for-stm32.13.3.rel1.win32_1.0.0.202411081344/tools/bin/../lib/gcc/arm-none-eabi/13.3.1/thumb/v7e-m+fp/hard/crtn.o
                0x20020000                        _estack = (ORIGIN (RAM) + LENGTH (RAM))
                0x00000200                        _Min_Heap_Size = 0x200
                0x00000400                        _Min_Stack_Size = 0x400

.isr_vector     0x08000000      0x198
                0x08000000                        . = ALIGN (0x4)
 *(.isr_vector)
 .isr_vector    0x08000000      0x198 ./Core/Startup/startup_stm32f411ceux.o
                0x08000000                g_pfnVectors
                0x08000198                        . = ALIGN (0x4)

.text           0x08000198     0x1ef8
                0x08000198                        . = ALIGN (0x4)
 *(.text)
 .text          0x08000198       0x40 C:/ST/STM32CubeIDE_1.19.0/STM32CubeIDE/plugins/com.st.stm32cube.ide.mcu.externaltools.gnu-tools-for-stm32.13.3.rel1.win32_1.0.0.202411081344/tools/bin/../lib/gcc/arm-none-eabi/13.3.1/thumb/v7e-m+fp/hard/crtbegin.o
 .text          0x080001d8       0x30 C:/ST/STM32CubeIDE_1.19.0/STM32CubeIDE/plugins/com.st.stm32cube.ide.mcu.externaltools.gnu-tools-for-stm32.13.3.rel1.win32_1.0.0.202411081344/tools/bin/../lib/gcc/arm-none-eabi/13.3.1/thumb/v7e-m+fp/hard\libgcc.a(_aeabi_uldivmod.o)
                0x080001d8                __aeabi_uldivmod
 .text          0x08000208      0x2f8 C:/ST/STM32CubeIDE_1.19.0/STM32CubeIDE/plugins/com.st.stm32cube.ide.mcu.externaltools.gnu-tools-for-stm32.13.3.rel1.win32_1.0.0.202411081344/tools/bin/../lib/gcc/arm-none-eabi/13.3.1/thumb/v7e-m+fp/hard\libgcc.a(_udivmoddi4.o)
                0x08000208                __udivmoddi4
 .text          0x08000500        0x4 C:/ST/STM32CubeIDE_1.19.0/STM32CubeIDE/plugins/com.st.stm32cube.ide.mcu.externaltools.gnu-tools-for-stm32.13.3.rel1.win32_1.0.0.202411081344/tools/bin/../lib/gcc/arm-none-eabi/13.3.1/thumb/v7e-m+fp/hard\libgcc.a(_dvmd_tls.o)
                0x08000500                __aeabi_idiv0
                0x08000500                __aeabi_ldiv0
 *(.text*)
 .text.MX_ADC1_Init
                0x08000504       0xa4 ./Core/Src/adc.o
                0x08000504                MX_ADC1_Init
 .text.HAL_ADC_MspInit
                0x080005a8       0x88 ./Core/Src/adc.o
                0x080005a8                HAL_ADC_MspInit
 .text.App_Init
                0x08000630       0x24 ./Core/Src/app.o
                0x08000630                App_Init
 .text.App_Loop
                0x08000654       0x28 ./Core/Src/app.o
                0x08000654                App_Loop
 .text.HandleIdleState
                0x0800067c       0x54 ./Core/Src/app.o
 .text.HandleRunState
                0x080006d0       0x94 ./Core/Src/app.o
 .text.CheckButtonEvent
                0x08000764       0x70 ./Core/Src/app.o
 .text.ManageRelayInterval
                0x080007d4       0x64 ./Core/Src/app.o
 .text.HAL_GPIO_EXTI_Callback
                0x08000838       0x28 ./Core/Src/app.o
                0x08000838                HAL_GPIO_EXTI_Callback
 .text.MX_GPIO_Init
                0x08000860       0xb8 ./Core/Src/gpio.o
                0x08000860                MX_GPIO_Init
 .text.main     0x08000918       0x1e ./Core/Src/main.o
                0x08000918                main
 *fill*         0x08000936        0x2 
 .text.SystemClock_Config
                0x08000938       0xbc ./Core/Src/main.o
                0x08000938                SystemClock_Config
 .text.Error_Handler
                0x080009f4        0xc ./Core/Src/main.o
                0x080009f4                Error_Handler
 .text.HAL_MspInit
                0x08000a00       0x50 ./Core/Src/stm32f4xx_hal_msp.o
                0x08000a00                HAL_MspInit
 .text.NMI_Handler
                0x08000a50        0x8 ./Core/Src/stm32f4xx_it.o
                0x08000a50                NMI_Handler
 .text.HardFault_Handler
                0x08000a58        0x8 ./Core/Src/stm32f4xx_it.o
                0x08000a58                HardFault_Handler
 .text.MemManage_Handler
                0x08000a60        0x8 ./Core/Src/stm32f4xx_it.o
                0x08000a60                MemManage_Handler
 .text.BusFault_Handler
                0x08000a68        0x8 ./Core/Src/stm32f4xx_it.o
                0x08000a68                BusFault_Handler
 .text.UsageFault_Handler
                0x08000a70        0x8 ./Core/Src/stm32f4xx_it.o
                0x08000a70                UsageFault_Handler
 .text.SVC_Handler
                0x08000a78        0xe ./Core/Src/stm32f4xx_it.o
                0x08000a78                SVC_Handler
 .text.DebugMon_Handler
                0x08000a86        0xe ./Core/Src/stm32f4xx_it.o
                0x08000a86                DebugMon_Handler
 .text.PendSV_Handler
                0x08000a94        0xe ./Core/Src/stm32f4xx_it.o
                0x08000a94                PendSV_Handler
 .text.SysTick_Handler
                0x08000aa2        0xc ./Core/Src/stm32f4xx_it.o
                0x08000aa2                SysTick_Handler
 .text.EXTI0_IRQHandler
                0x08000aae        0xe ./Core/Src/stm32f4xx_it.o
                0x08000aae                EXTI0_IRQHandler
 .text.SystemInit
                0x08000abc       0x24 ./Core/Src/system_stm32f4xx.o
                0x08000abc                SystemInit
 .text.Reset_Handler
                0x08000ae0       0x50 ./Core/Startup/startup_stm32f411ceux.o
                0x08000ae0                Reset_Handler
 .text.Default_Handler
                0x08000b30        0x2 ./Core/Startup/startup_stm32f411ceux.o
                0x08000b30                RTC_Alarm_IRQHandler
                0x08000b30                EXTI2_IRQHandler
                0x08000b30                SPI4_IRQHandler
                0x08000b30                TIM1_CC_IRQHandler
                0x08000b30                DMA2_Stream5_IRQHandler
                0x08000b30                DMA1_Stream5_IRQHandler
                0x08000b30                PVD_IRQHandler
                0x08000b30                SDIO_IRQHandler
                0x08000b30                TAMP_STAMP_IRQHandler
                0x08000b30                EXTI3_IRQHandler
                0x08000b30                TIM1_UP_TIM10_IRQHandler
                0x08000b30                I2C3_ER_IRQHandler
                0x08000b30                I2C2_EV_IRQHandler
                0x08000b30                DMA1_Stream2_IRQHandler
                0x08000b30                FPU_IRQHandler
                0x08000b30                DMA2_Stream2_IRQHandler
                0x08000b30                SPI1_IRQHandler
                0x08000b30                TIM1_BRK_TIM9_IRQHandler
                0x08000b30                DMA2_Stream3_IRQHandler
                0x08000b30                USART6_IRQHandler
                0x08000b30                DMA2_Stream0_IRQHandler
                0x08000b30                TIM4_IRQHandler
                0x08000b30                I2C1_EV_IRQHandler
                0x08000b30                DMA1_Stream6_IRQHandler
                0x08000b30                DMA1_Stream1_IRQHandler
                0x08000b30                TIM3_IRQHandler
                0x08000b30                RCC_IRQHandler
                0x08000b30                Default_Handler
                0x08000b30                EXTI15_10_IRQHandler
                0x08000b30                ADC_IRQHandler
                0x08000b30                DMA1_Stream7_IRQHandler
                0x08000b30                SPI5_IRQHandler
                0x08000b30                TIM5_IRQHandler
                0x08000b30                DMA2_Stream7_IRQHandler
                0x08000b30                I2C3_EV_IRQHandler
                0x08000b30                EXTI9_5_IRQHandler
                0x08000b30                RTC_WKUP_IRQHandler
                0x08000b30                SPI2_IRQHandler
                0x08000b30                DMA1_Stream0_IRQHandler
                0x08000b30                EXTI4_IRQHandler
                0x08000b30                WWDG_IRQHandler
                0x08000b30                TIM2_IRQHandler
                0x08000b30                OTG_FS_WKUP_IRQHandler
                0x08000b30                TIM1_TRG_COM_TIM11_IRQHandler
                0x08000b30                EXTI1_IRQHandler
                0x08000b30                USART2_IRQHandler
                0x08000b30                I2C2_ER_IRQHandler
                0x08000b30                DMA2_Stream1_IRQHandler
                0x08000b30                FLASH_IRQHandler
                0x08000b30                DMA2_Stream4_IRQHandler
                0x08000b30                USART1_IRQHandler
                0x08000b30                OTG_FS_IRQHandler
                0x08000b30                SPI3_IRQHandler
                0x08000b30                DMA1_Stream4_IRQHandler
                0x08000b30                I2C1_ER_IRQHandler
                0x08000b30                DMA2_Stream6_IRQHandler
                0x08000b30                DMA1_Stream3_IRQHandler
 *fill*         0x08000b32        0x2 
 .text.HAL_Init
                0x08000b34       0x44 ./Drivers/STM32F4xx_HAL_Driver/Src/stm32f4xx_hal.o
                0x08000b34                HAL_Init
 .text.HAL_InitTick
                0x08000b78       0x60 ./Drivers/STM32F4xx_HAL_Driver/Src/stm32f4xx_hal.o
                0x08000b78                HAL_InitTick
 .text.HAL_IncTick
                0x08000bd8       0x28 ./Drivers/STM32F4xx_HAL_Driver/Src/stm32f4xx_hal.o
                0x08000bd8                HAL_IncTick
 .text.HAL_GetTick
                0x08000c00       0x18 ./Drivers/STM32F4xx_HAL_Driver/Src/stm32f4xx_hal.o
                0x08000c00                HAL_GetTick
 .text.HAL_Delay
                0x08000c18       0x48 ./Drivers/STM32F4xx_HAL_Driver/Src/stm32f4xx_hal.o
                0x08000c18                HAL_Delay
 .text.HAL_SuspendTick
                0x08000c60       0x20 ./Drivers/STM32F4xx_HAL_Driver/Src/stm32f4xx_hal.o
                0x08000c60                HAL_SuspendTick
 .text.HAL_ResumeTick
                0x08000c80       0x20 ./Drivers/STM32F4xx_HAL_Driver/Src/stm32f4xx_hal.o
                0x08000c80                HAL_ResumeTick
 .text.HAL_ADC_Init
                0x08000ca0       0x86 ./Drivers/STM32F4xx_HAL_Driver/Src/stm32f4xx_hal_adc.o
                0x08000ca0                HAL_ADC_Init
 *fill*         0x08000d26        0x2 
 .text.HAL_ADC_ConfigChannel
                0x08000d28      0x264 ./Drivers/STM32F4xx_HAL_Driver/Src/stm32f4xx_hal_adc.o
                0x08000d28                HAL_ADC_ConfigChannel
 .text.ADC_Init
                0x08000f8c      0x1f8 ./Drivers/STM32F4xx_HAL_Driver/Src/stm32f4xx_hal_adc.o
 .text.__NVIC_SetPriorityGrouping
                0x08001184       0x48 ./Drivers/STM32F4xx_HAL_Driver/Src/stm32f4xx_hal_cortex.o
 .text.__NVIC_GetPriorityGrouping
                0x080011cc       0x1c ./Drivers/STM32F4xx_HAL_Driver/Src/stm32f4xx_hal_cortex.o
 .text.__NVIC_EnableIRQ
                0x080011e8       0x3c ./Drivers/STM32F4xx_HAL_Driver/Src/stm32f4xx_hal_cortex.o
 .text.__NVIC_SetPriority
                0x08001224       0x54 ./Drivers/STM32F4xx_HAL_Driver/Src/stm32f4xx_hal_cortex.o
 .text.NVIC_EncodePriority
                0x08001278       0x66 ./Drivers/STM32F4xx_HAL_Driver/Src/stm32f4xx_hal_cortex.o
 *fill*         0x080012de        0x2 
 .text.SysTick_Config
                0x080012e0       0x44 ./Drivers/STM32F4xx_HAL_Driver/Src/stm32f4xx_hal_cortex.o
 .text.HAL_NVIC_SetPriorityGrouping
                0x08001324       0x16 ./Drivers/STM32F4xx_HAL_Driver/Src/stm32f4xx_hal_cortex.o
                0x08001324                HAL_NVIC_SetPriorityGrouping
 .text.HAL_NVIC_SetPriority
                0x0800133a       0x38 ./Drivers/STM32F4xx_HAL_Driver/Src/stm32f4xx_hal_cortex.o
                0x0800133a                HAL_NVIC_SetPriority
 .text.HAL_NVIC_EnableIRQ
                0x08001372       0x1c ./Drivers/STM32F4xx_HAL_Driver/Src/stm32f4xx_hal_cortex.o
                0x08001372                HAL_NVIC_EnableIRQ
 .text.HAL_SYSTICK_Config
                0x0800138e       0x18 ./Drivers/STM32F4xx_HAL_Driver/Src/stm32f4xx_hal_cortex.o
                0x0800138e                HAL_SYSTICK_Config
 *fill*         0x080013a6        0x2 
 .text.HAL_GPIO_Init
                0x080013a8      0x308 ./Drivers/STM32F4xx_HAL_Driver/Src/stm32f4xx_hal_gpio.o
                0x080013a8                HAL_GPIO_Init
 .text.HAL_GPIO_ReadPin
                0x080016b0       0x30 ./Drivers/STM32F4xx_HAL_Driver/Src/stm32f4xx_hal_gpio.o
                0x080016b0                HAL_GPIO_ReadPin
 .text.HAL_GPIO_WritePin
                0x080016e0       0x32 ./Drivers/STM32F4xx_HAL_Driver/Src/stm32f4xx_hal_gpio.o
                0x080016e0                HAL_GPIO_WritePin
 .text.HAL_GPIO_TogglePin
                0x08001712       0x34 ./Drivers/STM32F4xx_HAL_Driver/Src/stm32f4xx_hal_gpio.o
                0x08001712                HAL_GPIO_TogglePin
 *fill*         0x08001746        0x2 
 .text.HAL_GPIO_EXTI_IRQHandler
                0x08001748       0x30 ./Drivers/STM32F4xx_HAL_Driver/Src/stm32f4xx_hal_gpio.o
                0x08001748                HAL_GPIO_EXTI_IRQHandler
 .text.HAL_PWR_EnterSTOPMode
                0x08001778       0x60 ./Drivers/STM32F4xx_HAL_Driver/Src/stm32f4xx_hal_pwr.o
                0x08001778                HAL_PWR_EnterSTOPMode
 .text.HAL_RCC_OscConfig
                0x080017d8      0x4f0 ./Drivers/STM32F4xx_HAL_Driver/Src/stm32f4xx_hal_rcc.o
                0x080017d8                HAL_RCC_OscConfig
 .text.HAL_RCC_ClockConfig
                0x08001cc8      0x1cc ./Drivers/STM32F4xx_HAL_Driver/Src/stm32f4xx_hal_rcc.o
                0x08001cc8                HAL_RCC_ClockConfig
 .text.HAL_RCC_GetSysClockFreq
                0x08001e94      0x18c ./Drivers/STM32F4xx_HAL_Driver/Src/stm32f4xx_hal_rcc.o
                0x08001e94                HAL_RCC_GetSysClockFreq
 .text.memset   0x08002020       0x10 C:/ST/STM32CubeIDE_1.19.0/STM32CubeIDE/plugins/com.st.stm32cube.ide.mcu.externaltools.gnu-tools-for-stm32.13.3.rel1.win32_1.0.0.202411081344/tools/bin/../lib/gcc/arm-none-eabi/13.3.1/../../../../arm-none-eabi/lib/thumb/v7e-m+fp/hard\libc_nano.a(libc_a-memset.o)
                0x08002020                memset
 .text.__libc_init_array
                0x08002030       0x48 C:/ST/STM32CubeIDE_1.19.0/STM32CubeIDE/plugins/com.st.stm32cube.ide.mcu.externaltools.gnu-tools-for-stm32.13.3.rel1.win32_1.0.0.202411081344/tools/bin/../lib/gcc/arm-none-eabi/13.3.1/../../../../arm-none-eabi/lib/thumb/v7e-m+fp/hard\libc_nano.a(libc_a-init.o)
                0x08002030                __libc_init_array
 *(.glue_7)
 .glue_7        0x08002078        0x0 linker stubs
 *(.glue_7t)
 .glue_7t       0x08002078        0x0 linker stubs
 *(.eh_frame)
 .eh_frame      0x08002078        0x0 C:/ST/STM32CubeIDE_1.19.0/STM32CubeIDE/plugins/com.st.stm32cube.ide.mcu.externaltools.gnu-tools-for-stm32.13.3.rel1.win32_1.0.0.202411081344/tools/bin/../lib/gcc/arm-none-eabi/13.3.1/thumb/v7e-m+fp/hard/crtbegin.o
 *(.init)
 .init          0x08002078        0x4 C:/ST/STM32CubeIDE_1.19.0/STM32CubeIDE/plugins/com.st.stm32cube.ide.mcu.externaltools.gnu-tools-for-stm32.13.3.rel1.win32_1.0.0.202411081344/tools/bin/../lib/gcc/arm-none-eabi/13.3.1/thumb/v7e-m+fp/hard/crti.o
                0x08002078                _init
 .init          0x0800207c        0x8 C:/ST/STM32CubeIDE_1.19.0/STM32CubeIDE/plugins/com.st.stm32cube.ide.mcu.externaltools.gnu-tools-for-stm32.13.3.rel1.win32_1.0.0.202411081344/tools/bin/../lib/gcc/arm-none-eabi/13.3.1/thumb/v7e-m+fp/hard/crtn.o
 *(.fini)
 .fini          0x08002084        0x4 C:/ST/STM32CubeIDE_1.19.0/STM32CubeIDE/plugins/com.st.stm32cube.ide.mcu.externaltools.gnu-tools-for-stm32.13.3.rel1.win32_1.0.0.202411081344/tools/bin/../lib/gcc/arm-none-eabi/13.3.1/thumb/v7e-m+fp/hard/crti.o
                0x08002084                _fini
 .fini          0x08002088        0x8 C:/ST/STM32CubeIDE_1.19.0/STM32CubeIDE/plugins/com.st.stm32cube.ide.mcu.externaltools.gnu-tools-for-stm32.13.3.rel1.win32_1.0.0.202411081344/tools/bin/../lib/gcc/arm-none-eabi/13.3.1/thumb/v7e-m+fp/hard/crtn.o
                0x08002090                        . = ALIGN (0x4)
                0x08002090                        _etext = .

.vfp11_veneer   0x08002090        0x0
 .vfp11_veneer  0x08002090        0x0 linker stubs

.v4_bx          0x08002090        0x0
 .v4_bx         0x08002090        0x0 linker stubs

.iplt           0x08002090        0x0
 .iplt          0x08002090        0x0 C:/ST/STM32CubeIDE_1.19.0/STM32CubeIDE/plugins/com.st.stm32cube.ide.mcu.externaltools.gnu-tools-for-stm32.13.3.rel1.win32_1.0.0.202411081344/tools/bin/../lib/gcc/arm-none-eabi/13.3.1/thumb/v7e-m+fp/hard/crtbegin.o

.rodata         0x08002090       0x10
                0x08002090                        . = ALIGN (0x4)
 *(.rodata)
 *(.rodata*)
 .rodata.AHBPrescTable
                0x08002090       0x10 ./Core/Src/system_stm32f4xx.o
                0x08002090                AHBPrescTable
                0x080020a0                        . = ALIGN (0x4)

.ARM.extab      0x080020a0        0x0
                0x080020a0                        . = ALIGN (0x4)
 *(.ARM.extab* .gnu.linkonce.armextab.*)
                0x080020a0                        . = ALIGN (0x4)

.ARM            0x080020a0        0x8
                0x080020a0                        . = ALIGN (0x4)
                0x080020a0                        __exidx_start = .
 *(.ARM.exidx*)
 .ARM.exidx     0x080020a0        0x8 C:/ST/STM32CubeIDE_1.19.0/STM32CubeIDE/plugins/com.st.stm32cube.ide.mcu.externaltools.gnu-tools-for-stm32.13.3.rel1.win32_1.0.0.202411081344/tools/bin/../lib/gcc/arm-none-eabi/13.3.1/thumb/v7e-m+fp/hard\libgcc.a(_udivmoddi4.o)
                0x080020a8                        __exidx_end = .
                0x080020a8                        . = ALIGN (0x4)

.preinit_array  0x080020a8        0x0
                0x080020a8                        . = ALIGN (0x4)
                0x080020a8                        PROVIDE (__preinit_array_start = .)
 *(.preinit_array*)
                0x080020a8                        PROVIDE (__preinit_array_end = .)
                0x080020a8                        . = ALIGN (0x4)

.init_array     0x080020a8        0x4
                0x080020a8                        . = ALIGN (0x4)
                0x080020a8                        PROVIDE (__init_array_start = .)
 *(SORT_BY_NAME(.init_array.*))
 *(.init_array*)
 .init_array    0x080020a8        0x4 C:/ST/STM32CubeIDE_1.19.0/STM32CubeIDE/plugins/com.st.stm32cube.ide.mcu.externaltools.gnu-tools-for-stm32.13.3.rel1.win32_1.0.0.202411081344/tools/bin/../lib/gcc/arm-none-eabi/13.3.1/thumb/v7e-m+fp/hard/crtbegin.o
                0x080020ac                        PROVIDE (__init_array_end = .)
                0x080020ac                        . = ALIGN (0x4)

.fini_array     0x080020ac        0x4
                0x080020ac                        . = ALIGN (0x4)
                [!provide]                        PROVIDE (__fini_array_start = .)
 *(SORT_BY_NAME(.fini_array.*))
 *(.fini_array*)
 .fini_array    0x080020ac        0x4 C:/ST/STM32CubeIDE_1.19.0/STM32CubeIDE/plugins/com.st.stm32cube.ide.mcu.externaltools.gnu-tools-for-stm32.13.3.rel1.win32_1.0.0.202411081344/tools/bin/../lib/gcc/arm-none-eabi/13.3.1/thumb/v7e-m+fp/hard/crtbegin.o
                [!provide]                        PROVIDE (__fini_array_end = .)
                0x080020b0                        . = ALIGN (0x4)
                0x080020b0                        _sidata = LOADADDR (.data)

.rel.dyn        0x080020b0        0x0
 .rel.iplt      0x080020b0        0x0 C:/ST/STM32CubeIDE_1.19.0/STM32CubeIDE/plugins/com.st.stm32cube.ide.mcu.externaltools.gnu-tools-for-stm32.13.3.rel1.win32_1.0.0.202411081344/tools/bin/../lib/gcc/arm-none-eabi/13.3.1/thumb/v7e-m+fp/hard/crtbegin.o

.data           0x20000000       0x10 load address 0x080020b0
                0x20000000                        . = ALIGN (0x4)
                0x20000000                        _sdata = .
 *(.data)
 *(.data*)
 .data.currentInterval.0
                0x20000000        0x4 ./Core/Src/app.o
 .data.SystemCoreClock
                0x20000004        0x4 ./Core/Src/system_stm32f4xx.o
                0x20000004                SystemCoreClock
 .data.uwTickPrio
                0x20000008        0x4 ./Drivers/STM32F4xx_HAL_Driver/Src/stm32f4xx_hal.o
                0x20000008                uwTickPrio
 .data.uwTickFreq
                0x2000000c        0x1 ./Drivers/STM32F4xx_HAL_Driver/Src/stm32f4xx_hal.o
                0x2000000c                uwTickFreq
 *(.RamFunc)
 *(.RamFunc*)
                0x20000010                        . = ALIGN (0x4)
 *fill*         0x2000000d        0x3 
                0x20000010                        _edata = .

.igot.plt       0x20000010        0x0 load address 0x080020c0
 .igot.plt      0x20000010        0x0 C:/ST/STM32CubeIDE_1.19.0/STM32CubeIDE/plugins/com.st.stm32cube.ide.mcu.externaltools.gnu-tools-for-stm32.13.3.rel1.win32_1.0.0.202411081344/tools/bin/../lib/gcc/arm-none-eabi/13.3.1/thumb/v7e-m+fp/hard/crtbegin.o
                0x20000010                        . = ALIGN (0x4)

.bss            0x20000010       0x70 load address 0x080020c0
                0x20000010                        _sbss = .
                0x20000010                        __bss_start__ = _sbss
 *(.bss)
 .bss           0x20000010       0x1c C:/ST/STM32CubeIDE_1.19.0/STM32CubeIDE/plugins/com.st.stm32cube.ide.mcu.externaltools.gnu-tools-for-stm32.13.3.rel1.win32_1.0.0.202411081344/tools/bin/../lib/gcc/arm-none-eabi/13.3.1/thumb/v7e-m+fp/hard/crtbegin.o
 *(.bss*)
 .bss.hadc1     0x2000002c       0x48 ./Core/Src/adc.o
                0x2000002c                hadc1
 .bss.currentState
                0x20000074        0x1 ./Core/Src/app.o
 .bss.buttonPressedFlag
                0x20000075        0x1 ./Core/Src/app.o
 *fill*         0x20000076        0x2 
 .bss.lastRelayTime.1
                0x20000078        0x4 ./Core/Src/app.o
 .bss.uwTick    0x2000007c        0x4 ./Drivers/STM32F4xx_HAL_Driver/Src/stm32f4xx_hal.o
                0x2000007c                uwTick
 *(COMMON)
                0x20000080                        . = ALIGN (0x4)
                0x20000080                        _ebss = .
                0x20000080                        __bss_end__ = _ebss

._user_heap_stack
                0x20000080      0x600 load address 0x080020c0
                0x20000080                        . = ALIGN (0x8)
                [!provide]                        PROVIDE (end = .)
                0x20000080                        PROVIDE (_end = .)
                0x20000280                        . = (. + _Min_Heap_Size)
 *fill*         0x20000080      0x200 
                0x20000680                        . = (. + _Min_Stack_Size)
 *fill*         0x20000280      0x400 
                0x20000680                        . = ALIGN (0x8)

/DISCARD/
 libc.a(*)
 libm.a(*)
 libgcc.a(*)

.ARM.attributes
                0x00000000       0x30
 *(.ARM.attributes)
 .ARM.attributes
                0x00000000       0x22 C:/ST/STM32CubeIDE_1.19.0/STM32CubeIDE/plugins/com.st.stm32cube.ide.mcu.externaltools.gnu-tools-for-stm32.13.3.rel1.win32_1.0.0.202411081344/tools/bin/../lib/gcc/arm-none-eabi/13.3.1/thumb/v7e-m+fp/hard/crti.o
 .ARM.attributes
                0x00000022       0x34 C:/ST/STM32CubeIDE_1.19.0/STM32CubeIDE/plugins/com.st.stm32cube.ide.mcu.externaltools.gnu-tools-for-stm32.13.3.rel1.win32_1.0.0.202411081344/tools/bin/../lib/gcc/arm-none-eabi/13.3.1/thumb/v7e-m+fp/hard/crtbegin.o
 .ARM.attributes
                0x00000056       0x34 ./Core/Src/adc.o
 .ARM.attributes
                0x0000008a       0x34 ./Core/Src/app.o
 .ARM.attributes
                0x000000be       0x34 ./Core/Src/gpio.o
 .ARM.attributes
                0x000000f2       0x34 ./Core/Src/main.o
 .ARM.attributes
                0x00000126       0x34 ./Core/Src/stm32f4xx_hal_msp.o
 .ARM.attributes
                0x0000015a       0x34 ./Core/Src/stm32f4xx_it.o
 .ARM.attributes
                0x0000018e       0x34 ./Core/Src/system_stm32f4xx.o
 .ARM.attributes
                0x000001c2       0x21 ./Core/Startup/startup_stm32f411ceux.o
 .ARM.attributes
                0x000001e3       0x34 ./Drivers/STM32F4xx_HAL_Driver/Src/stm32f4xx_hal.o
 .ARM.attributes
                0x00000217       0x34 ./Drivers/STM32F4xx_HAL_Driver/Src/stm32f4xx_hal_adc.o
 .ARM.attributes
                0x0000024b       0x34 ./Drivers/STM32F4xx_HAL_Driver/Src/stm32f4xx_hal_cortex.o
 .ARM.attributes
                0x0000027f       0x34 ./Drivers/STM32F4xx_HAL_Driver/Src/stm32f4xx_hal_gpio.o
 .ARM.attributes
                0x000002b3       0x34 ./Drivers/STM32F4xx_HAL_Driver/Src/stm32f4xx_hal_pwr.o
 .ARM.attributes
                0x000002e7       0x34 ./Drivers/STM32F4xx_HAL_Driver/Src/stm32f4xx_hal_rcc.o
 .ARM.attributes
                0x0000031b       0x34 C:/ST/STM32CubeIDE_1.19.0/STM32CubeIDE/plugins/com.st.stm32cube.ide.mcu.externaltools.gnu-tools-for-stm32.13.3.rel1.win32_1.0.0.202411081344/tools/bin/../lib/gcc/arm-none-eabi/13.3.1/../../../../arm-none-eabi/lib/thumb/v7e-m+fp/hard\libc_nano.a(libc_a-memset.o)
 .ARM.attributes
                0x0000034f       0x34 C:/ST/STM32CubeIDE_1.19.0/STM32CubeIDE/plugins/com.st.stm32cube.ide.mcu.externaltools.gnu-tools-for-stm32.13.3.rel1.win32_1.0.0.202411081344/tools/bin/../lib/gcc/arm-none-eabi/13.3.1/../../../../arm-none-eabi/lib/thumb/v7e-m+fp/hard\libc_nano.a(libc_a-init.o)
 .ARM.attributes
                0x00000383       0x22 C:/ST/STM32CubeIDE_1.19.0/STM32CubeIDE/plugins/com.st.stm32cube.ide.mcu.externaltools.gnu-tools-for-stm32.13.3.rel1.win32_1.0.0.202411081344/tools/bin/../lib/gcc/arm-none-eabi/13.3.1/thumb/v7e-m+fp/hard\libgcc.a(_aeabi_uldivmod.o)
 .ARM.attributes
                0x000003a5       0x34 C:/ST/STM32CubeIDE_1.19.0/STM32CubeIDE/plugins/com.st.stm32cube.ide.mcu.externaltools.gnu-tools-for-stm32.13.3.rel1.win32_1.0.0.202411081344/tools/bin/../lib/gcc/arm-none-eabi/13.3.1/thumb/v7e-m+fp/hard\libgcc.a(_udivmoddi4.o)
 .ARM.attributes
                0x000003d9       0x22 C:/ST/STM32CubeIDE_1.19.0/STM32CubeIDE/plugins/com.st.stm32cube.ide.mcu.externaltools.gnu-tools-for-stm32.13.3.rel1.win32_1.0.0.202411081344/tools/bin/../lib/gcc/arm-none-eabi/13.3.1/thumb/v7e-m+fp/hard\libgcc.a(_dvmd_tls.o)
 .ARM.attributes
                0x000003fb       0x22 C:/ST/STM32CubeIDE_1.19.0/STM32CubeIDE/plugins/com.st.stm32cube.ide.mcu.externaltools.gnu-tools-for-stm32.13.3.rel1.win32_1.0.0.202411081344/tools/bin/../lib/gcc/arm-none-eabi/13.3.1/thumb/v7e-m+fp/hard/crtn.o
OUTPUT(trial_task_smart_relay.elf elf32-littlearm)
LOAD linker stubs
LOAD C:/ST/STM32CubeIDE_1.19.0/STM32CubeIDE/plugins/com.st.stm32cube.ide.mcu.externaltools.gnu-tools-for-stm32.13.3.rel1.win32_1.0.0.202411081344/tools/bin/../lib/gcc/arm-none-eabi/13.3.1/../../../../arm-none-eabi/lib/thumb/v7e-m+fp/hard\libc.a
LOAD C:/ST/STM32CubeIDE_1.19.0/STM32CubeIDE/plugins/com.st.stm32cube.ide.mcu.externaltools.gnu-tools-for-stm32.13.3.rel1.win32_1.0.0.202411081344/tools/bin/../lib/gcc/arm-none-eabi/13.3.1/../../../../arm-none-eabi/lib/thumb/v7e-m+fp/hard\libm.a
LOAD C:/ST/STM32CubeIDE_1.19.0/STM32CubeIDE/plugins/com.st.stm32cube.ide.mcu.externaltools.gnu-tools-for-stm32.13.3.rel1.win32_1.0.0.202411081344/tools/bin/../lib/gcc/arm-none-eabi/13.3.1/thumb/v7e-m+fp/hard\libgcc.a

.debug_info     0x00000000     0x5b76
 .debug_info    0x00000000      0x9c6 ./Core/Src/adc.o
 .debug_info    0x000009c6      0x3f9 ./Core/Src/app.o
 .debug_info    0x00000dbf      0x5c4 ./Core/Src/gpio.o
 .debug_info    0x00001383      0x4f2 ./Core/Src/main.o
 .debug_info    0x00001875      0x291 ./Core/Src/stm32f4xx_hal_msp.o
 .debug_info    0x00001b06      0x14a ./Core/Src/stm32f4xx_it.o
 .debug_info    0x00001c50      0x53e ./Core/Src/system_stm32f4xx.o
 .debug_info    0x0000218e       0x30 ./Core/Startup/startup_stm32f411ceux.o
 .debug_info    0x000021be      0x8c4 ./Drivers/STM32F4xx_HAL_Driver/Src/stm32f4xx_hal.o
 .debug_info    0x00002a82      0xce0 ./Drivers/STM32F4xx_HAL_Driver/Src/stm32f4xx_hal_adc.o
 .debug_info    0x00003762      0xcfc ./Drivers/STM32F4xx_HAL_Driver/Src/stm32f4xx_hal_cortex.o
 .debug_info    0x0000445e      0x6f9 ./Drivers/STM32F4xx_HAL_Driver/Src/stm32f4xx_hal_gpio.o
 .debug_info    0x00004b57      0x71b ./Drivers/STM32F4xx_HAL_Driver/Src/stm32f4xx_hal_pwr.o
 .debug_info    0x00005272      0x904 ./Drivers/STM32F4xx_HAL_Driver/Src/stm32f4xx_hal_rcc.o

.debug_abbrev   0x00000000     0x179d
 .debug_abbrev  0x00000000      0x1f2 ./Core/Src/adc.o
 .debug_abbrev  0x000001f2      0x1f7 ./Core/Src/app.o
 .debug_abbrev  0x000003e9      0x173 ./Core/Src/gpio.o
 .debug_abbrev  0x0000055c      0x1de ./Core/Src/main.o
 .debug_abbrev  0x0000073a       0xd8 ./Core/Src/stm32f4xx_hal_msp.o
 .debug_abbrev  0x00000812       0xa0 ./Core/Src/stm32f4xx_it.o
 .debug_abbrev  0x000008b2      0x11a ./Core/Src/system_stm32f4xx.o
 .debug_abbrev  0x000009cc       0x24 ./Core/Startup/startup_stm32f411ceux.o
 .debug_abbrev  0x000009f0      0x24b ./Drivers/STM32F4xx_HAL_Driver/Src/stm32f4xx_hal.o
 .debug_abbrev  0x00000c3b      0x20e ./Drivers/STM32F4xx_HAL_Driver/Src/stm32f4xx_hal_adc.o
 .debug_abbrev  0x00000e49      0x31d ./Drivers/STM32F4xx_HAL_Driver/Src/stm32f4xx_hal_cortex.o
 .debug_abbrev  0x00001166      0x1d3 ./Drivers/STM32F4xx_HAL_Driver/Src/stm32f4xx_hal_gpio.o
 .debug_abbrev  0x00001339      0x1ae ./Drivers/STM32F4xx_HAL_Driver/Src/stm32f4xx_hal_pwr.o
 .debug_abbrev  0x000014e7      0x2b6 ./Drivers/STM32F4xx_HAL_Driver/Src/stm32f4xx_hal_rcc.o

.debug_aranges  0x00000000      0x630
 .debug_aranges
                0x00000000       0x30 ./Core/Src/adc.o
 .debug_aranges
                0x00000030       0x50 ./Core/Src/app.o
 .debug_aranges
                0x00000080       0x20 ./Core/Src/gpio.o
 .debug_aranges
                0x000000a0       0x30 ./Core/Src/main.o
 .debug_aranges
                0x000000d0       0x20 ./Core/Src/stm32f4xx_hal_msp.o
 .debug_aranges
                0x000000f0       0x68 ./Core/Src/stm32f4xx_it.o
 .debug_aranges
                0x00000158       0x28 ./Core/Src/system_stm32f4xx.o
 .debug_aranges
                0x00000180       0x28 ./Core/Startup/startup_stm32f411ceux.o
 .debug_aranges
                0x000001a8       0xf0 ./Drivers/STM32F4xx_HAL_Driver/Src/stm32f4xx_hal.o
 .debug_aranges
                0x00000298       0xe8 ./Drivers/STM32F4xx_HAL_Driver/Src/stm32f4xx_hal_adc.o
 .debug_aranges
                0x00000380      0x130 ./Drivers/STM32F4xx_HAL_Driver/Src/stm32f4xx_hal_cortex.o
 .debug_aranges
                0x000004b0       0x58 ./Drivers/STM32F4xx_HAL_Driver/Src/stm32f4xx_hal_gpio.o
 .debug_aranges
                0x00000508       0xa0 ./Drivers/STM32F4xx_HAL_Driver/Src/stm32f4xx_hal_pwr.o
 .debug_aranges
                0x000005a8       0x88 ./Drivers/STM32F4xx_HAL_Driver/Src/stm32f4xx_hal_rcc.o

.debug_rnglists
                0x00000000      0x479
 .debug_rnglists
                0x00000000       0x21 ./Core/Src/adc.o
 .debug_rnglists
                0x00000021       0x38 ./Core/Src/app.o
 .debug_rnglists
                0x00000059       0x14 ./Core/Src/gpio.o
 .debug_rnglists
                0x0000006d       0x20 ./Core/Src/main.o
 .debug_rnglists
                0x0000008d       0x13 ./Core/Src/stm32f4xx_hal_msp.o
 .debug_rnglists
                0x000000a0       0x49 ./Core/Src/stm32f4xx_it.o
 .debug_rnglists
                0x000000e9       0x1a ./Core/Src/system_stm32f4xx.o
 .debug_rnglists
                0x00000103       0x19 ./Core/Startup/startup_stm32f411ceux.o
 .debug_rnglists
                0x0000011c       0xaf ./Drivers/STM32F4xx_HAL_Driver/Src/stm32f4xx_hal.o
 .debug_rnglists
                0x000001cb       0xb5 ./Drivers/STM32F4xx_HAL_Driver/Src/stm32f4xx_hal_adc.o
 .debug_rnglists
                0x00000280       0xe0 ./Drivers/STM32F4xx_HAL_Driver/Src/stm32f4xx_hal_cortex.o
 .debug_rnglists
                0x00000360       0x3f ./Drivers/STM32F4xx_HAL_Driver/Src/stm32f4xx_hal_gpio.o
 .debug_rnglists
                0x0000039f       0x74 ./Drivers/STM32F4xx_HAL_Driver/Src/stm32f4xx_hal_pwr.o
 .debug_rnglists
                0x00000413       0x66 ./Drivers/STM32F4xx_HAL_Driver/Src/stm32f4xx_hal_rcc.o

.debug_macro    0x00000000    0x15f07
 .debug_macro   0x00000000      0x1f1 ./Core/Src/adc.o
 .debug_macro   0x000001f1      0xad8 ./Core/Src/adc.o
 .debug_macro   0x00000cc9      0x295 ./Core/Src/adc.o
 .debug_macro   0x00000f5e       0x2e ./Core/Src/adc.o
 .debug_macro   0x00000f8c       0x28 ./Core/Src/adc.o
 .debug_macro   0x00000fb4       0x22 ./Core/Src/adc.o
 .debug_macro   0x00000fd6       0x8e ./Core/Src/adc.o
 .debug_macro   0x00001064       0x51 ./Core/Src/adc.o
 .debug_macro   0x000010b5      0x103 ./Core/Src/adc.o
 .debug_macro   0x000011b8       0x6a ./Core/Src/adc.o
 .debug_macro   0x00001222      0x1df ./Core/Src/adc.o
 .debug_macro   0x00001401       0x1c ./Core/Src/adc.o
 .debug_macro   0x0000141d       0x22 ./Core/Src/adc.o
 .debug_macro   0x0000143f       0xfb ./Core/Src/adc.o
 .debug_macro   0x0000153a     0x1011 ./Core/Src/adc.o
 .debug_macro   0x0000254b      0x11f ./Core/Src/adc.o
 .debug_macro   0x0000266a     0xb968 ./Core/Src/adc.o
 .debug_macro   0x0000dfd2       0x6d ./Core/Src/adc.o
 .debug_macro   0x0000e03f     0x3693 ./Core/Src/adc.o
 .debug_macro   0x000116d2      0x190 ./Core/Src/adc.o
 .debug_macro   0x00011862       0x5c ./Core/Src/adc.o
 .debug_macro   0x000118be      0x45c ./Core/Src/adc.o
 .debug_macro   0x00011d1a      0x9e9 ./Core/Src/adc.o
 .debug_macro   0x00012703      0x115 ./Core/Src/adc.o
 .debug_macro   0x00012818      0x11b ./Core/Src/adc.o
 .debug_macro   0x00012933       0xa5 ./Core/Src/adc.o
 .debug_macro   0x000129d8      0x15f ./Core/Src/adc.o
 .debug_macro   0x00012b37      0x287 ./Core/Src/adc.o
 .debug_macro   0x00012dbe       0x5f ./Core/Src/adc.o
 .debug_macro   0x00012e1d      0x236 ./Core/Src/adc.o
 .debug_macro   0x00013053      0x9e1 ./Core/Src/adc.o
 .debug_macro   0x00013a34      0x38b ./Core/Src/adc.o
 .debug_macro   0x00013dbf      0x17d ./Core/Src/adc.o
 .debug_macro   0x00013f3c       0xf9 ./Core/Src/adc.o
 .debug_macro   0x00014035      0x132 ./Core/Src/adc.o
 .debug_macro   0x00014167      0x264 ./Core/Src/adc.o
 .debug_macro   0x000143cb       0x2e ./Core/Src/adc.o
 .debug_macro   0x000143f9      0x127 ./Core/Src/adc.o
 .debug_macro   0x00014520       0x85 ./Core/Src/adc.o
 .debug_macro   0x000145a5       0x89 ./Core/Src/adc.o
 .debug_macro   0x0001462e      0x126 ./Core/Src/adc.o
 .debug_macro   0x00014754       0x3a ./Core/Src/adc.o
 .debug_macro   0x0001478e      0x1fa ./Core/Src/app.o
 .debug_macro   0x00014988       0x22 ./Core/Src/app.o
 .debug_macro   0x000149aa      0x1f1 ./Core/Src/gpio.o
 .debug_macro   0x00014b9b      0x209 ./Core/Src/main.o
 .debug_macro   0x00014da4      0x1e7 ./Core/Src/stm32f4xx_hal_msp.o
 .debug_macro   0x00014f8b      0x1f1 ./Core/Src/stm32f4xx_it.o
 .debug_macro   0x0001517c      0x1d8 ./Core/Src/system_stm32f4xx.o
 .debug_macro   0x00015354      0x238 ./Drivers/STM32F4xx_HAL_Driver/Src/stm32f4xx_hal.o
 .debug_macro   0x0001558c      0x1d9 ./Drivers/STM32F4xx_HAL_Driver/Src/stm32f4xx_hal_adc.o
 .debug_macro   0x00015765      0x1d8 ./Drivers/STM32F4xx_HAL_Driver/Src/stm32f4xx_hal_cortex.o
 .debug_macro   0x0001593d      0x1de ./Drivers/STM32F4xx_HAL_Driver/Src/stm32f4xx_hal_gpio.o
 .debug_macro   0x00015b1b      0x1f0 ./Drivers/STM32F4xx_HAL_Driver/Src/stm32f4xx_hal_pwr.o
 .debug_macro   0x00015d0b      0x1fc ./Drivers/STM32F4xx_HAL_Driver/Src/stm32f4xx_hal_rcc.o

.debug_line     0x00000000     0x82bc
 .debug_line    0x00000000      0x7cc ./Core/Src/adc.o
 .debug_line    0x000007cc      0x899 ./Core/Src/app.o
 .debug_line    0x00001065      0x75e ./Core/Src/gpio.o
 .debug_line    0x000017c3      0x7d4 ./Core/Src/main.o
 .debug_line    0x00001f97      0x744 ./Core/Src/stm32f4xx_hal_msp.o
 .debug_line    0x000026db      0x80b ./Core/Src/stm32f4xx_it.o
 .debug_line    0x00002ee6      0x7ba ./Core/Src/system_stm32f4xx.o
 .debug_line    0x000036a0       0x7a ./Core/Startup/startup_stm32f411ceux.o
 .debug_line    0x0000371a      0xa36 ./Drivers/STM32F4xx_HAL_Driver/Src/stm32f4xx_hal.o
 .debug_line    0x00004150     0x118d ./Drivers/STM32F4xx_HAL_Driver/Src/stm32f4xx_hal_adc.o
 .debug_line    0x000052dd      0xd06 ./Drivers/STM32F4xx_HAL_Driver/Src/stm32f4xx_hal_cortex.o
 .debug_line    0x00005fe3      0xb52 ./Drivers/STM32F4xx_HAL_Driver/Src/stm32f4xx_hal_gpio.o
 .debug_line    0x00006b35      0x944 ./Drivers/STM32F4xx_HAL_Driver/Src/stm32f4xx_hal_pwr.o
 .debug_line    0x00007479      0xe43 ./Drivers/STM32F4xx_HAL_Driver/Src/stm32f4xx_hal_rcc.o

.debug_str      0x00000000    0x8ba02
 .debug_str     0x00000000    0x8ba02 ./Core/Src/adc.o
                              0x8a0fa (size before relaxing)
 .debug_str     0x0008ba02    0x89d9b ./Core/Src/app.o
 .debug_str     0x0008ba02    0x8a050 ./Core/Src/gpio.o
 .debug_str     0x0008ba02    0x89dba ./Core/Src/main.o
 .debug_str     0x0008ba02    0x89bbd ./Core/Src/stm32f4xx_hal_msp.o
 .debug_str     0x0008ba02    0x89b6f ./Core/Src/stm32f4xx_it.o
 .debug_str     0x0008ba02    0x89b99 ./Core/Src/system_stm32f4xx.o
 .debug_str     0x0008ba02       0xb0 ./Core/Startup/startup_stm32f411ceux.o
 .debug_str     0x0008ba02    0x8a5c5 ./Drivers/STM32F4xx_HAL_Driver/Src/stm32f4xx_hal.o
 .debug_str     0x0008ba02    0x8a174 ./Drivers/STM32F4xx_HAL_Driver/Src/stm32f4xx_hal_adc.o
 .debug_str     0x0008ba02    0x8a32f ./Drivers/STM32F4xx_HAL_Driver/Src/stm32f4xx_hal_cortex.o
 .debug_str     0x0008ba02    0x89d14 ./Drivers/STM32F4xx_HAL_Driver/Src/stm32f4xx_hal_gpio.o
 .debug_str     0x0008ba02    0x89dcf ./Drivers/STM32F4xx_HAL_Driver/Src/stm32f4xx_hal_pwr.o
 .debug_str     0x0008ba02    0x89fcd ./Drivers/STM32F4xx_HAL_Driver/Src/stm32f4xx_hal_rcc.o

.comment        0x00000000       0x43
 .comment       0x00000000       0x43 ./Core/Src/adc.o
                                 0x44 (size before relaxing)
 .comment       0x00000043       0x44 ./Core/Src/app.o
 .comment       0x00000043       0x44 ./Core/Src/gpio.o
 .comment       0x00000043       0x44 ./Core/Src/main.o
 .comment       0x00000043       0x44 ./Core/Src/stm32f4xx_hal_msp.o
 .comment       0x00000043       0x44 ./Core/Src/stm32f4xx_it.o
 .comment       0x00000043       0x44 ./Core/Src/system_stm32f4xx.o
 .comment       0x00000043       0x44 ./Drivers/STM32F4xx_HAL_Driver/Src/stm32f4xx_hal.o
 .comment       0x00000043       0x44 ./Drivers/STM32F4xx_HAL_Driver/Src/stm32f4xx_hal_adc.o
 .comment       0x00000043       0x44 ./Drivers/STM32F4xx_HAL_Driver/Src/stm32f4xx_hal_cortex.o
 .comment       0x00000043       0x44 ./Drivers/STM32F4xx_HAL_Driver/Src/stm32f4xx_hal_gpio.o
 .comment       0x00000043       0x44 ./Drivers/STM32F4xx_HAL_Driver/Src/stm32f4xx_hal_pwr.o
 .comment       0x00000043       0x44 ./Drivers/STM32F4xx_HAL_Driver/Src/stm32f4xx_hal_rcc.o

.debug_frame    0x00000000     0x1688
 .debug_frame   0x00000000       0x7c ./Core/Src/adc.o
 .debug_frame   0x0000007c       0xf8 ./Core/Src/app.o
 .debug_frame   0x00000174       0x34 ./Core/Src/gpio.o
 .debug_frame   0x000001a8       0x68 ./Core/Src/main.o
 .debug_frame   0x00000210       0x38 ./Core/Src/stm32f4xx_hal_msp.o
 .debug_frame   0x00000248      0x120 ./Core/Src/stm32f4xx_it.o
 .debug_frame   0x00000368       0x58 ./Core/Src/system_stm32f4xx.o
 .debug_frame   0x000003c0      0x374 ./Drivers/STM32F4xx_HAL_Driver/Src/stm32f4xx_hal.o
 .debug_frame   0x00000734      0x3fc ./Drivers/STM32F4xx_HAL_Driver/Src/stm32f4xx_hal_adc.o
 .debug_frame   0x00000b30      0x508 ./Drivers/STM32F4xx_HAL_Driver/Src/stm32f4xx_hal_cortex.o
 .debug_frame   0x00001038      0x14c ./Drivers/STM32F4xx_HAL_Driver/Src/stm32f4xx_hal_gpio.o
 .debug_frame   0x00001184      0x264 ./Drivers/STM32F4xx_HAL_Driver/Src/stm32f4xx_hal_pwr.o
 .debug_frame   0x000013e8      0x1f4 ./Drivers/STM32F4xx_HAL_Driver/Src/stm32f4xx_hal_rcc.o
 .debug_frame   0x000015dc       0x20 C:/ST/STM32CubeIDE_1.19.0/STM32CubeIDE/plugins/com.st.stm32cube.ide.mcu.externaltools.gnu-tools-for-stm32.13.3.rel1.win32_1.0.0.202411081344/tools/bin/../lib/gcc/arm-none-eabi/13.3.1/../../../../arm-none-eabi/lib/thumb/v7e-m+fp/hard\libc_nano.a(libc_a-memset.o)
 .debug_frame   0x000015fc       0x2c C:/ST/STM32CubeIDE_1.19.0/STM32CubeIDE/plugins/com.st.stm32cube.ide.mcu.externaltools.gnu-tools-for-stm32.13.3.rel1.win32_1.0.0.202411081344/tools/bin/../lib/gcc/arm-none-eabi/13.3.1/../../../../arm-none-eabi/lib/thumb/v7e-m+fp/hard\libc_nano.a(libc_a-init.o)
 .debug_frame   0x00001628       0x2c C:/ST/STM32CubeIDE_1.19.0/STM32CubeIDE/plugins/com.st.stm32cube.ide.mcu.externaltools.gnu-tools-for-stm32.13.3.rel1.win32_1.0.0.202411081344/tools/bin/../lib/gcc/arm-none-eabi/13.3.1/thumb/v7e-m+fp/hard\libgcc.a(_aeabi_uldivmod.o)
 .debug_frame   0x00001654       0x34 C:/ST/STM32CubeIDE_1.19.0/STM32CubeIDE/plugins/com.st.stm32cube.ide.mcu.externaltools.gnu-tools-for-stm32.13.3.rel1.win32_1.0.0.202411081344/tools/bin/../lib/gcc/arm-none-eabi/13.3.1/thumb/v7e-m+fp/hard\libgcc.a(_udivmoddi4.o)

.debug_line_str
                0x00000000       0x94
 .debug_line_str
                0x00000000       0x94 ./Core/Startup/startup_stm32f411ceux.o
