12:51:20 **** Incremental Build of configuration Debug for project trial_task_smart_relay ****
make -j16 all 
arm-none-eabi-gcc "../Core/Src/app.c" -mcpu=cortex-m4 -std=gnu11 -g3 -DDEBUG -DUSE_HAL_DRIVER -DSTM32F411xE -c -I../Core/Inc -I../Drivers/STM32F4xx_HAL_Driver/Inc -I../Drivers/STM32F4xx_HAL_Driver/Inc/Legacy -I../Drivers/CMSIS/Device/ST/STM32F4xx/Include -I../Drivers/CMSIS/Include -O0 -ffunction-sections -fdata-sections -Wall -fstack-usage -fcyclomatic-complexity -MMD -MP -MF"Core/Src/app.d" -MT"Core/Src/app.o" --specs=nano.specs -mfpu=fpv4-sp-d16 -mfloat-abi=hard -mthumb -o "Core/Src/app.o"
arm-none-eabi-gcc -o "trial_task_smart_relay.elf" @"objects.list"   -mcpu=cortex-m4 -T"D:\Dokumenty\jamro\Projekty\Programowanie\embeded\Trial_task_Firmware_Engineer\trial_task_smart_relay\STM32F411CEUX_FLASH.ld" --specs=nosys.specs -Wl,-Map="trial_task_smart_relay.map" -Wl,--gc-sections -static --specs=nano.specs -mfpu=fpv4-sp-d16 -mfloat-abi=hard -mthumb -Wl,--start-group -lc -lm -Wl,--end-group
Finished building target: trial_task_smart_relay.elf
 
arm-none-eabi-size  trial_task_smart_relay.elf 
arm-none-eabi-objdump -h -S trial_task_smart_relay.elf  > "trial_task_smart_relay.list"
   text	   data	    bss	    dec	    hex	filename
   8368	     16	   1648	  10032	   2730	trial_task_smart_relay.elf
Finished building: default.size.stdout
 
Finished building: trial_task_smart_relay.list
 
12:51:26 **** Incremental Build of configuration Debug for project trial_task_smart_relay ****
make -j16 all 
arm-none-eabi-size  trial_task_smart_relay.elf 
   text	   data	    bss	    dec	    hex	filename
   8368	     16	   1648	  10032	   2730	trial_task_smart_relay.elf
Finished building: default.size.stdout
 
