20:15:11 **** Incremental Build of configuration Debug for project trial_task_smart_relay ****
make -j16 all 
arm-none-eabi-size  trial_task_smart_relay.elf 
   text	   data	    bss	    dec	    hex	filename
   9492	     16	   1664	  11172	   2ba4	trial_task_smart_relay.elf
Finished building: default.size.stdout
 
20:15:21 **** Incremental Build of configuration Debug for project trial_task_smart_relay ****
make -j16 all 
arm-none-eabi-size  trial_task_smart_relay.elf 
   text	   data	    bss	    dec	    hex	filename
   9492	     16	   1664	  11172	   2ba4	trial_task_smart_relay.elf
Finished building: default.size.stdout
 
